2025-01-28 07:53:05 Notice: Notice (8): date_default_timezone_set(): Timezone ID '' is invalid in [/home/u491167942/domains/short.tunoticion.shop/public_html/src/Controller/Member/UsersController.php, line 791]


2025-01-28 10:19:14 Notice: Notice (8): date_default_timezone_set(): Timezone ID '' is invalid in [/home/u491167942/domains/short.tunoticion.shop/public_html/src/Controller/Member/UsersController.php, line 791]


2025-01-28 10:20:32 Notice: Notice (8): date_default_timezone_set(): Timezone ID '' is invalid in [/home/u491167942/domains/short.tunoticion.shop/public_html/src/Controller/Member/UsersController.php, line 791]


2025-01-28 14:12:46 Notice: Notice (8): date_default_timezone_set(): Timezone ID '' is invalid in [/home/u491167942/domains/short.tunoticion.shop/public_html/src/Controller/Member/UsersController.php, line 791]


2025-01-28 14:12:55 Notice: Notice (8): date_default_timezone_set(): Timezone ID '' is invalid in [/home/u491167942/domains/short.tunoticion.shop/public_html/src/Controller/Member/UsersController.php, line 791]


2025-01-28 19:22:56 Notice: Notice (8): date_default_timezone_set(): Timezone ID '' is invalid in [/home/u491167942/domains/short.tunoticion.shop/public_html/src/Controller/Member/UsersController.php, line 791]


2025-01-28 19:23:36 Notice: Notice (8): date_default_timezone_set(): Timezone ID '' is invalid in [/home/u491167942/domains/short.tunoticion.shop/public_html/src/Controller/Member/UsersController.php, line 791]


2025-01-28 19:25:11 Notice: Notice (8): date_default_timezone_set(): Timezone ID '' is invalid in [/home/u491167942/domains/short.tunoticion.shop/public_html/src/Controller/Member/UsersController.php, line 791]


2025-01-28 20:56:14 Notice: Notice (8): date_default_timezone_set(): Timezone ID '' is invalid in [/home/u491167942/domains/short.tunoticion.shop/public_html/src/Controller/Member/UsersController.php, line 791]


2025-01-28 20:56:25 Notice: Notice (8): date_default_timezone_set(): Timezone ID '' is invalid in [/home/u491167942/domains/short.tunoticion.shop/public_html/src/Controller/Member/UsersController.php, line 791]


2025-01-29 03:10:41 Notice: Notice (8): date_default_timezone_set(): Timezone ID '' is invalid in [/home/u491167942/domains/short.tunoticion.shop/public_html/src/Controller/Member/UsersController.php, line 791]


2025-01-29 19:45:17 Notice: Notice (8): date_default_timezone_set(): Timezone ID '' is invalid in [/home/u491167942/domains/short.tunoticion.shop/public_html/src/Controller/Member/UsersController.php, line 791]


2025-01-29 20:38:55 Notice: Notice (8): date_default_timezone_set(): Timezone ID '' is invalid in [/home/u491167942/domains/short.tunoticion.shop/public_html/src/Controller/Member/UsersController.php, line 791]


2025-01-29 20:39:12 Notice: Notice (8): date_default_timezone_set(): Timezone ID '' is invalid in [/home/u491167942/domains/short.tunoticion.shop/public_html/src/Controller/Member/UsersController.php, line 791]


2025-01-30 22:29:04 Notice: Notice (8): date_default_timezone_set(): Timezone ID '' is invalid in [/home/u491167942/domains/short.tunoticion.shop/public_html/src/Controller/Member/UsersController.php, line 791]


2025-01-30 22:31:22 Notice: Notice (8): date_default_timezone_set(): Timezone ID '' is invalid in [/home/u491167942/domains/short.tunoticion.shop/public_html/src/Controller/Member/UsersController.php, line 791]


2025-01-30 22:43:52 Notice: Notice (8): date_default_timezone_set(): Timezone ID '' is invalid in [/home/u491167942/domains/short.tunoticion.shop/public_html/src/Controller/Member/UsersController.php, line 791]


2025-01-31 19:58:46 Notice: Notice (8): date_default_timezone_set(): Timezone ID '' is invalid in [/home/u491167942/domains/short.tunoticion.shop/public_html/src/Controller/Member/UsersController.php, line 791]


2025-01-31 20:36:14 Notice: Notice (8): date_default_timezone_set(): Timezone ID '' is invalid in [/home/u491167942/domains/short.tunoticion.shop/public_html/src/Controller/Member/UsersController.php, line 791]


2025-02-01 07:42:08 Notice: Notice (8): date_default_timezone_set(): Timezone ID '' is invalid in [/home/u491167942/domains/short.tunoticion.shop/public_html/src/Controller/Member/UsersController.php, line 791]


2025-02-01 08:26:30 Notice: Notice (8): date_default_timezone_set(): Timezone ID '' is invalid in [/home/u491167942/domains/short.tunoticion.shop/public_html/src/Controller/Member/UsersController.php, line 791]


2025-02-02 01:51:05 Notice: Notice (8): date_default_timezone_set(): Timezone ID '' is invalid in [/home/u491167942/domains/short.tunoticion.shop/public_html/src/Controller/Member/UsersController.php, line 791]


2025-02-02 03:26:10 Notice: Notice (8): date_default_timezone_set(): Timezone ID '' is invalid in [/home/u491167942/domains/short.tunoticion.shop/public_html/src/Controller/Member/UsersController.php, line 791]


2025-02-02 09:25:01 Notice: Notice (8): date_default_timezone_set(): Timezone ID '' is invalid in [/home/u491167942/domains/short.tunoticion.shop/public_html/src/Controller/Member/UsersController.php, line 791]


2025-02-03 10:54:14 Notice: Notice (8): date_default_timezone_set(): Timezone ID '' is invalid in [/home/u491167942/domains/short.tunoticion.shop/public_html/src/Controller/Member/UsersController.php, line 791]


2025-02-03 17:15:20 Notice: Notice (8): date_default_timezone_set(): Timezone ID '' is invalid in [/home/u491167942/domains/short.tunoticion.shop/public_html/src/Controller/Member/UsersController.php, line 791]


2025-02-03 17:17:05 Notice: Notice (8): date_default_timezone_set(): Timezone ID '' is invalid in [/home/u491167942/domains/short.tunoticion.shop/public_html/src/Controller/Member/UsersController.php, line 791]


2025-02-03 22:05:58 Notice: Notice (8): date_default_timezone_set(): Timezone ID '' is invalid in [/home/u491167942/domains/short.tunoticion.shop/public_html/src/Controller/Member/UsersController.php, line 791]


2025-02-03 22:05:58 Notice: Notice (8): date_default_timezone_set(): Timezone ID '' is invalid in [/home/u491167942/domains/short.tunoticion.shop/public_html/src/Controller/Member/UsersController.php, line 791]


2025-02-03 22:05:59 Notice: Notice (8): date_default_timezone_set(): Timezone ID '' is invalid in [/home/u491167942/domains/short.tunoticion.shop/public_html/src/Controller/Member/UsersController.php, line 791]


2025-02-03 22:06:00 Notice: Notice (8): date_default_timezone_set(): Timezone ID '' is invalid in [/home/u491167942/domains/short.tunoticion.shop/public_html/src/Controller/Member/UsersController.php, line 791]


2025-02-03 22:06:01 Notice: Notice (8): date_default_timezone_set(): Timezone ID '' is invalid in [/home/u491167942/domains/short.tunoticion.shop/public_html/src/Controller/Member/UsersController.php, line 791]


2025-02-03 22:06:02 Notice: Notice (8): date_default_timezone_set(): Timezone ID '' is invalid in [/home/u491167942/domains/short.tunoticion.shop/public_html/src/Controller/Member/UsersController.php, line 791]


2025-02-03 22:06:03 Notice: Notice (8): date_default_timezone_set(): Timezone ID '' is invalid in [/home/u491167942/domains/short.tunoticion.shop/public_html/src/Controller/Member/UsersController.php, line 791]


2025-02-03 22:06:25 Notice: Notice (8): date_default_timezone_set(): Timezone ID '' is invalid in [/home/u491167942/domains/short.tunoticion.shop/public_html/src/Controller/Member/UsersController.php, line 791]


2025-02-04 07:15:25 Notice: Notice (8): date_default_timezone_set(): Timezone ID '' is invalid in [/home/u491167942/domains/short.tunoticion.shop/public_html/src/Controller/Member/UsersController.php, line 791]


2025-02-05 21:31:03 Notice: Notice (8): date_default_timezone_set(): Timezone ID '' is invalid in [/home/u491167942/domains/short.tunoticion.shop/public_html/src/Controller/Member/UsersController.php, line 791]


2025-02-05 23:11:47 Notice: Notice (8): date_default_timezone_set(): Timezone ID '' is invalid in [/home/u491167942/domains/short.tunoticion.shop/public_html/src/Controller/Member/UsersController.php, line 791]


2025-02-06 09:09:01 Notice: Notice (8): date_default_timezone_set(): Timezone ID '' is invalid in [/home/u491167942/domains/short.tunoticion.shop/public_html/src/Controller/Member/UsersController.php, line 791]


2025-02-06 12:25:45 Notice: Notice (8): date_default_timezone_set(): Timezone ID '' is invalid in [/home/u491167942/domains/short.tunoticion.shop/public_html/src/Controller/Member/UsersController.php, line 791]


2025-02-06 15:43:09 Notice: Notice (8): date_default_timezone_set(): Timezone ID '' is invalid in [/home/u491167942/domains/short.tunoticion.shop/public_html/src/Controller/Member/UsersController.php, line 791]


2025-02-06 15:44:28 Notice: Notice (8): date_default_timezone_set(): Timezone ID '' is invalid in [/home/u491167942/domains/short.tunoticion.shop/public_html/src/Controller/Member/UsersController.php, line 791]


2025-02-06 16:31:59 Notice: Notice (8): date_default_timezone_set(): Timezone ID '' is invalid in [/home/u491167942/domains/short.tunoticion.shop/public_html/src/Controller/Member/UsersController.php, line 791]


2025-02-06 20:16:36 Notice: Notice (8): date_default_timezone_set(): Timezone ID '' is invalid in [/home/u491167942/domains/short.tunoticion.shop/public_html/src/Controller/Member/UsersController.php, line 791]


2025-02-06 21:47:57 Notice: Notice (8): date_default_timezone_set(): Timezone ID '' is invalid in [/home/u491167942/domains/short.tunoticion.shop/public_html/src/Controller/Member/UsersController.php, line 791]


2025-02-06 21:48:32 Notice: Notice (8): date_default_timezone_set(): Timezone ID '' is invalid in [/home/u491167942/domains/short.tunoticion.shop/public_html/src/Controller/Member/UsersController.php, line 791]


2025-02-06 23:31:16 Notice: Notice (8): date_default_timezone_set(): Timezone ID '' is invalid in [/home/u491167942/domains/short.tunoticion.shop/public_html/src/Controller/Member/UsersController.php, line 791]


2025-02-07 09:41:20 Notice: Notice (8): date_default_timezone_set(): Timezone ID '' is invalid in [/home/u491167942/domains/short.tunoticion.shop/public_html/src/Controller/Member/UsersController.php, line 791]


2025-02-07 16:59:14 Notice: Notice (8): date_default_timezone_set(): Timezone ID '' is invalid in [/home/u491167942/domains/short.tunoticion.shop/public_html/src/Controller/Member/UsersController.php, line 791]


2025-02-07 17:00:03 Notice: Notice (8): date_default_timezone_set(): Timezone ID '' is invalid in [/home/u491167942/domains/short.tunoticion.shop/public_html/src/Controller/Member/UsersController.php, line 791]


2025-02-07 17:01:06 Notice: Notice (8): date_default_timezone_set(): Timezone ID '' is invalid in [/home/u491167942/domains/short.tunoticion.shop/public_html/src/Controller/Member/UsersController.php, line 791]


2025-02-07 17:01:07 Notice: Notice (8): date_default_timezone_set(): Timezone ID '' is invalid in [/home/u491167942/domains/short.tunoticion.shop/public_html/src/Controller/Member/UsersController.php, line 791]


2025-02-07 17:01:08 Notice: Notice (8): date_default_timezone_set(): Timezone ID '' is invalid in [/home/u491167942/domains/short.tunoticion.shop/public_html/src/Controller/Member/UsersController.php, line 791]


2025-02-07 17:01:09 Notice: Notice (8): date_default_timezone_set(): Timezone ID '' is invalid in [/home/u491167942/domains/short.tunoticion.shop/public_html/src/Controller/Member/UsersController.php, line 791]


2025-02-07 17:01:11 Notice: Notice (8): date_default_timezone_set(): Timezone ID '' is invalid in [/home/u491167942/domains/short.tunoticion.shop/public_html/src/Controller/Member/UsersController.php, line 791]


2025-02-07 18:26:10 Notice: Notice (8): date_default_timezone_set(): Timezone ID '' is invalid in [/home/u491167942/domains/short.tunoticion.shop/public_html/src/Controller/Member/UsersController.php, line 791]


2025-02-07 20:25:42 Notice: Notice (8): date_default_timezone_set(): Timezone ID '' is invalid in [/home/u491167942/domains/short.tunoticion.shop/public_html/src/Controller/Member/UsersController.php, line 791]


2025-02-08 12:27:19 Notice: Notice (8): date_default_timezone_set(): Timezone ID '' is invalid in [/home/u491167942/domains/short.tunoticion.shop/public_html/src/Controller/Member/UsersController.php, line 791]


2025-02-08 13:16:43 Notice: Notice (8): date_default_timezone_set(): Timezone ID '' is invalid in [/home/u491167942/domains/short.tunoticion.shop/public_html/src/Controller/Member/UsersController.php, line 791]


2025-02-08 13:33:16 Notice: Notice (8): date_default_timezone_set(): Timezone ID '' is invalid in [/home/u491167942/domains/short.tunoticion.shop/public_html/src/Controller/Member/UsersController.php, line 791]


2025-02-08 13:45:46 Notice: Notice (8): date_default_timezone_set(): Timezone ID '' is invalid in [/home/u491167942/domains/short.tunoticion.shop/public_html/src/Controller/Member/UsersController.php, line 791]


2025-02-08 13:45:56 Notice: Notice (8): date_default_timezone_set(): Timezone ID '' is invalid in [/home/u491167942/domains/short.tunoticion.shop/public_html/src/Controller/Member/UsersController.php, line 791]


2025-02-08 18:45:27 Notice: Notice (8): date_default_timezone_set(): Timezone ID '' is invalid in [/home/u491167942/domains/short.tunoticion.shop/public_html/src/Controller/Member/UsersController.php, line 791]


2025-02-08 18:46:10 Notice: Notice (8): date_default_timezone_set(): Timezone ID '' is invalid in [/home/u491167942/domains/short.tunoticion.shop/public_html/src/Controller/Member/UsersController.php, line 791]


2025-02-08 18:46:47 Notice: Notice (8): date_default_timezone_set(): Timezone ID '' is invalid in [/home/u491167942/domains/short.tunoticion.shop/public_html/src/Controller/Member/UsersController.php, line 791]


2025-02-08 22:02:15 Notice: Notice (8): date_default_timezone_set(): Timezone ID '' is invalid in [/home/u491167942/domains/short.tunoticion.shop/public_html/src/Controller/Member/UsersController.php, line 791]


2025-02-09 09:07:16 Notice: Notice (8): date_default_timezone_set(): Timezone ID '' is invalid in [/home/u491167942/domains/short.tunoticion.shop/public_html/src/Controller/Member/UsersController.php, line 791]


2025-02-09 10:23:44 Notice: Notice (8): date_default_timezone_set(): Timezone ID '' is invalid in [/home/u491167942/domains/short.tunoticion.shop/public_html/src/Controller/Member/UsersController.php, line 791]


2025-02-09 14:13:57 Notice: Notice (8): date_default_timezone_set(): Timezone ID '' is invalid in [/home/u491167942/domains/short.tunoticion.shop/public_html/src/Controller/Member/UsersController.php, line 791]


2025-02-09 15:15:56 Notice: Notice (8): date_default_timezone_set(): Timezone ID '' is invalid in [/home/u491167942/domains/short.tunoticion.shop/public_html/src/Controller/Member/UsersController.php, line 791]


2025-02-09 15:16:26 Notice: Notice (8): date_default_timezone_set(): Timezone ID '' is invalid in [/home/u491167942/domains/short.tunoticion.shop/public_html/src/Controller/Member/UsersController.php, line 791]


2025-02-10 02:16:50 Notice: Notice (8): date_default_timezone_set(): Timezone ID '' is invalid in [/home/u491167942/domains/short.tunoticion.shop/public_html/src/Controller/Member/UsersController.php, line 791]


2025-02-10 04:04:18 Notice: Notice (8): date_default_timezone_set(): Timezone ID '' is invalid in [/home/u491167942/domains/short.tunoticion.shop/public_html/src/Controller/Member/UsersController.php, line 791]


2025-02-10 07:11:19 Notice: Notice (8): date_default_timezone_set(): Timezone ID '' is invalid in [/home/u491167942/domains/short.tunoticion.shop/public_html/src/Controller/Member/UsersController.php, line 791]


2025-02-10 07:39:22 Notice: Notice (8): date_default_timezone_set(): Timezone ID '' is invalid in [/home/u491167942/domains/short.tunoticion.shop/public_html/src/Controller/Member/UsersController.php, line 791]


2025-02-10 07:40:05 Notice: Notice (8): date_default_timezone_set(): Timezone ID '' is invalid in [/home/u491167942/domains/short.tunoticion.shop/public_html/src/Controller/Member/UsersController.php, line 791]


2025-02-10 09:00:42 Notice: Notice (8): date_default_timezone_set(): Timezone ID '' is invalid in [/home/u491167942/domains/short.tunoticion.shop/public_html/src/Controller/Member/UsersController.php, line 791]


2025-02-10 12:54:26 Notice: Notice (8): date_default_timezone_set(): Timezone ID '' is invalid in [/home/u491167942/domains/short.tunoticion.shop/public_html/src/Controller/Member/UsersController.php, line 791]


2025-02-10 16:16:04 Notice: Notice (8): date_default_timezone_set(): Timezone ID '' is invalid in [/home/u491167942/domains/short.tunoticion.shop/public_html/src/Controller/Member/UsersController.php, line 791]


2025-02-10 17:16:09 Notice: Notice (8): date_default_timezone_set(): Timezone ID '' is invalid in [/home/u491167942/domains/short.tunoticion.shop/public_html/src/Controller/Member/UsersController.php, line 791]


2025-02-11 04:41:10 Notice: Notice (8): date_default_timezone_set(): Timezone ID '' is invalid in [/home/u491167942/domains/short.tunoticion.shop/public_html/src/Controller/Member/UsersController.php, line 791]


2025-02-11 23:31:16 Notice: Notice (8): date_default_timezone_set(): Timezone ID '' is invalid in [/home/u491167942/domains/short.tunoticion.shop/public_html/src/Controller/Member/UsersController.php, line 791]


2025-02-12 09:31:07 Notice: Notice (8): date_default_timezone_set(): Timezone ID '' is invalid in [/home/u491167942/domains/short.tunoticion.shop/public_html/src/Controller/Member/UsersController.php, line 791]


2025-02-13 08:05:10 Notice: Notice (8): date_default_timezone_set(): Timezone ID '' is invalid in [/home/u491167942/domains/short.tunoticion.shop/public_html/src/Controller/Member/UsersController.php, line 791]


2025-02-13 10:31:41 Notice: Notice (8): date_default_timezone_set(): Timezone ID '' is invalid in [/home/u491167942/domains/short.tunoticion.shop/public_html/src/Controller/Member/UsersController.php, line 791]


2025-02-13 10:52:33 Notice: Notice (8): date_default_timezone_set(): Timezone ID '' is invalid in [/home/u491167942/domains/short.tunoticion.shop/public_html/src/Controller/Member/UsersController.php, line 791]


2025-02-13 11:22:00 Notice: Notice (8): date_default_timezone_set(): Timezone ID '' is invalid in [/home/u491167942/domains/short.tunoticion.shop/public_html/src/Controller/Member/UsersController.php, line 791]


2025-02-14 20:14:29 Notice: Notice (8): date_default_timezone_set(): Timezone ID '' is invalid in [/home/u491167942/domains/short.tunoticion.shop/public_html/src/Controller/Member/UsersController.php, line 791]


2025-02-15 22:07:36 Notice: Notice (8): date_default_timezone_set(): Timezone ID '' is invalid in [/home/u491167942/domains/short.tunoticion.shop/public_html/src/Controller/Member/UsersController.php, line 791]


2025-02-15 22:16:15 Notice: Notice (8): date_default_timezone_set(): Timezone ID '' is invalid in [/home/u491167942/domains/short.tunoticion.shop/public_html/src/Controller/Member/UsersController.php, line 791]


2025-02-15 23:28:20 Notice: Notice (8): date_default_timezone_set(): Timezone ID '' is invalid in [/home/u491167942/domains/short.tunoticion.shop/public_html/src/Controller/Member/UsersController.php, line 791]


2025-02-15 23:28:34 Notice: Notice (8): date_default_timezone_set(): Timezone ID '' is invalid in [/home/u491167942/domains/short.tunoticion.shop/public_html/src/Controller/Member/UsersController.php, line 791]


2025-02-16 00:57:56 Notice: Notice (8): date_default_timezone_set(): Timezone ID '' is invalid in [/home/u491167942/domains/short.tunoticion.shop/public_html/src/Controller/Member/UsersController.php, line 791]


2025-02-18 00:06:29 Notice: Notice (8): date_default_timezone_set(): Timezone ID '' is invalid in [/home/u491167942/domains/short.tunoticion.shop/public_html/src/Controller/Member/UsersController.php, line 791]


2025-02-18 14:59:02 Notice: Notice (8): date_default_timezone_set(): Timezone ID '' is invalid in [/home/u491167942/domains/short.tunoticion.shop/public_html/src/Controller/Member/UsersController.php, line 791]


2025-02-19 09:01:02 Notice: Notice (8): date_default_timezone_set(): Timezone ID '' is invalid in [/home/u491167942/domains/short.tunoticion.shop/public_html/src/Controller/Member/UsersController.php, line 791]


2025-02-19 09:02:26 Notice: Notice (8): date_default_timezone_set(): Timezone ID '' is invalid in [/home/u491167942/domains/short.tunoticion.shop/public_html/src/Controller/Member/UsersController.php, line 791]


2025-02-21 06:22:30 Notice: Notice (8): date_default_timezone_set(): Timezone ID '' is invalid in [/home/u491167942/domains/short.tunoticion.shop/public_html/src/Controller/Member/UsersController.php, line 791]


2025-02-21 07:15:33 Notice: Notice (8): date_default_timezone_set(): Timezone ID '' is invalid in [/home/u491167942/domains/short.tunoticion.shop/public_html/src/Controller/Member/UsersController.php, line 791]


2025-02-21 07:17:18 Notice: Notice (8): date_default_timezone_set(): Timezone ID '' is invalid in [/home/u491167942/domains/short.tunoticion.shop/public_html/src/Controller/Member/UsersController.php, line 791]


2025-02-21 07:18:07 Notice: Notice (8): date_default_timezone_set(): Timezone ID '' is invalid in [/home/u491167942/domains/short.tunoticion.shop/public_html/src/Controller/Member/UsersController.php, line 791]


2025-02-21 07:58:09 Notice: Notice (8): date_default_timezone_set(): Timezone ID '' is invalid in [/home/u491167942/domains/short.tunoticion.shop/public_html/src/Controller/Member/UsersController.php, line 791]


2025-02-21 08:44:59 Notice: Notice (8): date_default_timezone_set(): Timezone ID '' is invalid in [/home/u491167942/domains/short.tunoticion.shop/public_html/src/Controller/Member/UsersController.php, line 791]


2025-02-21 15:08:53 Notice: Notice (8): date_default_timezone_set(): Timezone ID '' is invalid in [/home/u491167942/domains/short.tunoticion.shop/public_html/src/Controller/Member/UsersController.php, line 791]


2025-02-21 20:23:55 Notice: Notice (8): date_default_timezone_set(): Timezone ID '' is invalid in [/home/u491167942/domains/short.tunoticion.shop/public_html/src/Controller/Member/UsersController.php, line 791]


2025-02-21 20:36:55 Notice: Notice (8): date_default_timezone_set(): Timezone ID '' is invalid in [/home/u491167942/domains/short.tunoticion.shop/public_html/src/Controller/Member/UsersController.php, line 791]


2025-02-22 03:01:09 Notice: Notice (8): date_default_timezone_set(): Timezone ID '' is invalid in [/home/u491167942/domains/short.tunoticion.shop/public_html/src/Controller/Member/UsersController.php, line 791]


2025-02-23 05:04:17 Notice: Notice (8): date_default_timezone_set(): Timezone ID '' is invalid in [/home/u491167942/domains/short.tunoticion.shop/public_html/src/Controller/Member/UsersController.php, line 791]


2025-02-23 20:51:33 Notice: Notice (8): date_default_timezone_set(): Timezone ID '' is invalid in [/home/u491167942/domains/short.tunoticion.shop/public_html/src/Controller/Member/UsersController.php, line 791]


2025-02-24 11:30:34 Notice: Notice (8): date_default_timezone_set(): Timezone ID '' is invalid in [/home/u491167942/domains/short.tunoticion.shop/public_html/src/Controller/Member/UsersController.php, line 791]


2025-02-24 12:20:23 Notice: Notice (8): date_default_timezone_set(): Timezone ID '' is invalid in [/home/u491167942/domains/short.tunoticion.shop/public_html/src/Controller/Member/UsersController.php, line 791]


2025-02-24 17:46:11 Notice: Notice (8): date_default_timezone_set(): Timezone ID '' is invalid in [/home/u491167942/domains/short.tunoticion.shop/public_html/src/Controller/Member/UsersController.php, line 791]


2025-02-24 21:30:23 Notice: Notice (8): date_default_timezone_set(): Timezone ID '' is invalid in [/home/u491167942/domains/short.tunoticion.shop/public_html/src/Controller/Member/UsersController.php, line 791]


2025-02-25 02:25:11 Notice: Notice (8): date_default_timezone_set(): Timezone ID '' is invalid in [/home/u491167942/domains/short.tunoticion.shop/public_html/src/Controller/Member/UsersController.php, line 791]


2025-02-25 14:16:19 Notice: Notice (8): date_default_timezone_set(): Timezone ID '' is invalid in [/home/u491167942/domains/short.tunoticion.shop/public_html/src/Controller/Member/UsersController.php, line 791]


2025-02-26 08:31:11 Notice: Notice (8): date_default_timezone_set(): Timezone ID '' is invalid in [/home/u491167942/domains/short.tunoticion.shop/public_html/src/Controller/Member/UsersController.php, line 791]


2025-02-26 10:49:08 Notice: Notice (8): date_default_timezone_set(): Timezone ID '' is invalid in [/home/u491167942/domains/short.tunoticion.shop/public_html/src/Controller/Member/UsersController.php, line 791]


2025-02-26 12:37:09 Notice: Notice (8): date_default_timezone_set(): Timezone ID '' is invalid in [/home/u491167942/domains/short.tunoticion.shop/public_html/src/Controller/Member/UsersController.php, line 791]


2025-02-26 13:01:09 Notice: Notice (8): date_default_timezone_set(): Timezone ID '' is invalid in [/home/u491167942/domains/short.tunoticion.shop/public_html/src/Controller/Member/UsersController.php, line 791]


2025-02-26 18:42:23 Notice: Notice (8): date_default_timezone_set(): Timezone ID '' is invalid in [/home/u491167942/domains/short.tunoticion.shop/public_html/src/Controller/Member/UsersController.php, line 791]


2025-02-27 09:50:28 Notice: Notice (8): date_default_timezone_set(): Timezone ID '' is invalid in [/home/u491167942/domains/short.tunoticion.shop/public_html/src/Controller/Member/UsersController.php, line 791]


2025-02-27 10:51:19 Notice: Notice (8): date_default_timezone_set(): Timezone ID '' is invalid in [/home/u491167942/domains/short.tunoticion.shop/public_html/src/Controller/Member/UsersController.php, line 791]


2025-02-27 13:44:20 Notice: Notice (8): date_default_timezone_set(): Timezone ID '' is invalid in [/home/u491167942/domains/short.tunoticion.shop/public_html/src/Controller/Member/UsersController.php, line 791]


2025-02-27 20:08:59 Notice: Notice (8): date_default_timezone_set(): Timezone ID '' is invalid in [/home/u491167942/domains/short.tunoticion.shop/public_html/src/Controller/Member/UsersController.php, line 791]


2025-03-01 06:53:44 Notice: Notice (8): date_default_timezone_set(): Timezone ID '' is invalid in [/home/u491167942/domains/short.tunoticion.shop/public_html/src/Controller/Member/UsersController.php, line 791]


2025-03-01 23:13:28 Notice: Notice (8): date_default_timezone_set(): Timezone ID '' is invalid in [/home/u491167942/domains/short.tunoticion.shop/public_html/src/Controller/Member/UsersController.php, line 791]


2025-03-02 12:39:56 Notice: Notice (8): date_default_timezone_set(): Timezone ID '' is invalid in [/home/u491167942/domains/short.tunoticion.shop/public_html/src/Controller/Member/UsersController.php, line 791]


2025-03-02 16:49:35 Notice: Notice (8): date_default_timezone_set(): Timezone ID '' is invalid in [/home/u491167942/domains/short.tunoticion.shop/public_html/src/Controller/Member/UsersController.php, line 791]


2025-03-02 21:11:55 Notice: Notice (8): date_default_timezone_set(): Timezone ID '' is invalid in [/home/u491167942/domains/short.tunoticion.shop/public_html/src/Controller/Member/UsersController.php, line 791]


2025-03-05 06:24:33 Notice: Notice (8): date_default_timezone_set(): Timezone ID '' is invalid in [/home/u491167942/domains/short.tunoticion.shop/public_html/src/Controller/Member/UsersController.php, line 791]


2025-03-05 12:16:03 Notice: Notice (8): date_default_timezone_set(): Timezone ID '' is invalid in [/home/u491167942/domains/short.tunoticion.shop/public_html/src/Controller/Member/UsersController.php, line 791]


2025-03-08 18:56:21 Notice: Notice (8): date_default_timezone_set(): Timezone ID '' is invalid in [/home/u491167942/domains/short.tunoticion.shop/public_html/src/Controller/Member/UsersController.php, line 791]


2025-03-09 15:18:01 Notice: Notice (8): date_default_timezone_set(): Timezone ID '' is invalid in [/home/u491167942/domains/short.tunoticion.shop/public_html/src/Controller/Member/UsersController.php, line 791]


2025-03-09 21:20:46 Notice: Notice (8): date_default_timezone_set(): Timezone ID '' is invalid in [/home/u491167942/domains/short.tunoticion.shop/public_html/src/Controller/Member/UsersController.php, line 791]


2025-03-09 21:24:04 Notice: Notice (8): date_default_timezone_set(): Timezone ID '' is invalid in [/home/u491167942/domains/short.tunoticion.shop/public_html/src/Controller/Member/UsersController.php, line 791]


2025-03-10 06:24:49 Notice: Notice (8): date_default_timezone_set(): Timezone ID '' is invalid in [/home/u491167942/domains/short.tunoticion.shop/public_html/src/Controller/Member/UsersController.php, line 791]


2025-03-10 07:48:45 Notice: Notice (8): date_default_timezone_set(): Timezone ID '' is invalid in [/home/u491167942/domains/short.tunoticion.shop/public_html/src/Controller/Member/UsersController.php, line 791]


2025-03-10 07:57:38 Notice: Notice (8): date_default_timezone_set(): Timezone ID '' is invalid in [/home/u491167942/domains/short.tunoticion.shop/public_html/src/Controller/Member/UsersController.php, line 791]


2025-03-10 14:43:36 Notice: Notice (8): date_default_timezone_set(): Timezone ID '' is invalid in [/home/u491167942/domains/short.tunoticion.shop/public_html/src/Controller/Member/UsersController.php, line 791]


2025-03-13 07:57:38 Notice: Notice (8): date_default_timezone_set(): Timezone ID '' is invalid in [/home/u491167942/domains/short.tunoticion.shop/public_html/src/Controller/Member/UsersController.php, line 791]


2025-03-13 07:57:59 Notice: Notice (8): date_default_timezone_set(): Timezone ID '' is invalid in [/home/u491167942/domains/short.tunoticion.shop/public_html/src/Controller/Member/UsersController.php, line 791]


2025-03-14 10:06:48 Notice: Notice (8): date_default_timezone_set(): Timezone ID '' is invalid in [/home/u491167942/domains/short.tunoticion.shop/public_html/src/Controller/Member/UsersController.php, line 791]


2025-03-14 14:12:31 Notice: Notice (8): date_default_timezone_set(): Timezone ID '' is invalid in [/home/u491167942/domains/short.tunoticion.shop/public_html/src/Controller/Member/UsersController.php, line 791]


2025-03-16 13:14:46 Notice: Notice (8): date_default_timezone_set(): Timezone ID '' is invalid in [/home/u491167942/domains/short.tunoticion.shop/public_html/src/Controller/Member/UsersController.php, line 791]


2025-03-16 13:15:00 Notice: Notice (8): date_default_timezone_set(): Timezone ID '' is invalid in [/home/u491167942/domains/short.tunoticion.shop/public_html/src/Controller/Member/UsersController.php, line 791]


2025-03-16 13:15:02 Notice: Notice (8): date_default_timezone_set(): Timezone ID '' is invalid in [/home/u491167942/domains/short.tunoticion.shop/public_html/src/Controller/Member/UsersController.php, line 791]


2025-03-16 22:20:52 Notice: Notice (8): date_default_timezone_set(): Timezone ID '' is invalid in [/home/u491167942/domains/short.tunoticion.shop/public_html/src/Controller/Member/UsersController.php, line 791]


2025-03-17 14:51:22 Notice: Notice (8): date_default_timezone_set(): Timezone ID '' is invalid in [/home/u491167942/domains/short.tunoticion.shop/public_html/src/Controller/Member/UsersController.php, line 791]


2025-03-17 21:25:59 Notice: Notice (8): date_default_timezone_set(): Timezone ID '' is invalid in [/home/u491167942/domains/short.tunoticion.shop/public_html/src/Controller/Member/UsersController.php, line 791]


2025-03-17 21:32:48 Notice: Notice (8): date_default_timezone_set(): Timezone ID '' is invalid in [/home/u491167942/domains/short.tunoticion.shop/public_html/src/Controller/Member/UsersController.php, line 791]


2025-03-17 22:04:03 Notice: Notice (8): date_default_timezone_set(): Timezone ID '' is invalid in [/home/u491167942/domains/short.tunoticion.shop/public_html/src/Controller/Member/UsersController.php, line 791]


2025-03-18 08:21:02 Notice: Notice (8): date_default_timezone_set(): Timezone ID '' is invalid in [/home/u491167942/domains/short.tunoticion.shop/public_html/src/Controller/Member/UsersController.php, line 791]


2025-03-19 07:12:46 Notice: Notice (8): date_default_timezone_set(): Timezone ID '' is invalid in [/home/u491167942/domains/short.tunoticion.shop/public_html/src/Controller/Member/UsersController.php, line 791]


2025-03-19 13:06:58 Notice: Notice (8): date_default_timezone_set(): Timezone ID '' is invalid in [/home/u491167942/domains/short.tunoticion.shop/public_html/src/Controller/Member/UsersController.php, line 791]


2025-03-22 13:28:40 Notice: Notice (8): date_default_timezone_set(): Timezone ID '' is invalid in [/home/u491167942/domains/short.tunoticion.shop/public_html/src/Controller/Member/UsersController.php, line 791]


2025-03-22 16:06:11 Notice: Notice (8): date_default_timezone_set(): Timezone ID '' is invalid in [/home/u491167942/domains/short.tunoticion.shop/public_html/src/Controller/Member/UsersController.php, line 791]


2025-03-22 22:37:46 Notice: Notice (8): date_default_timezone_set(): Timezone ID '' is invalid in [/home/u491167942/domains/short.tunoticion.shop/public_html/src/Controller/Member/UsersController.php, line 791]


2025-03-22 23:37:06 Notice: Notice (8): date_default_timezone_set(): Timezone ID '' is invalid in [/home/u491167942/domains/short.tunoticion.shop/public_html/src/Controller/Member/UsersController.php, line 791]


2025-03-24 06:51:11 Notice: Notice (8): date_default_timezone_set(): Timezone ID '' is invalid in [/home/u491167942/domains/short.tunoticion.shop/public_html/src/Controller/Member/UsersController.php, line 791]


2025-03-25 00:50:17 Notice: Notice (8): date_default_timezone_set(): Timezone ID '' is invalid in [/home/u491167942/domains/short.tunoticion.shop/public_html/src/Controller/Member/UsersController.php, line 791]


2025-03-25 19:41:52 Notice: Notice (8): date_default_timezone_set(): Timezone ID '' is invalid in [/home/u491167942/domains/short.tunoticion.shop/public_html/src/Controller/Member/UsersController.php, line 791]


2025-03-25 22:09:40 Notice: Notice (8): date_default_timezone_set(): Timezone ID '' is invalid in [/home/u491167942/domains/short.tunoticion.shop/public_html/src/Controller/Member/UsersController.php, line 791]


2025-03-26 13:21:01 Notice: Notice (8): date_default_timezone_set(): Timezone ID '' is invalid in [/home/u491167942/domains/short.tunoticion.shop/public_html/src/Controller/Member/UsersController.php, line 791]


2025-03-26 19:36:42 Notice: Notice (8): date_default_timezone_set(): Timezone ID '' is invalid in [/home/u491167942/domains/short.tunoticion.shop/public_html/src/Controller/Member/UsersController.php, line 791]


2025-03-26 19:57:16 Notice: Notice (8): date_default_timezone_set(): Timezone ID '' is invalid in [/home/u491167942/domains/short.tunoticion.shop/public_html/src/Controller/Member/UsersController.php, line 791]


2025-03-26 19:57:26 Notice: Notice (8): date_default_timezone_set(): Timezone ID '' is invalid in [/home/u491167942/domains/short.tunoticion.shop/public_html/src/Controller/Member/UsersController.php, line 791]


2025-03-26 22:17:07 Notice: Notice (8): date_default_timezone_set(): Timezone ID '' is invalid in [/home/u491167942/domains/short.tunoticion.shop/public_html/src/Controller/Member/UsersController.php, line 791]


2025-06-08 00:36:09 Notice: Notice (8): date_default_timezone_set(): Timezone ID '' is invalid in [C:\laragon\www\Acortador\src\Controller\Member\UsersController.php, line 791]


2025-06-08 00:38:41 Notice: Notice (8): date_default_timezone_set(): Timezone ID '' is invalid in [C:\laragon\www\Acortador\src\Controller\Member\UsersController.php, line 791]


2025-06-08 00:39:38 Notice: Notice (8): date_default_timezone_set(): Timezone ID '' is invalid in [C:\laragon\www\Acortador\src\Controller\Member\UsersController.php, line 791]


2025-06-08 00:39:58 Notice: Notice (8): date_default_timezone_set(): Timezone ID '' is invalid in [C:\laragon\www\Acortador\src\Controller\Member\UsersController.php, line 791]


2025-06-08 00:42:48 Notice: Notice (8): date_default_timezone_set(): Timezone ID '' is invalid in [C:\laragon\www\Acortador\src\Controller\Member\UsersController.php, line 791]


2025-06-08 00:43:46 Notice: Notice (8): date_default_timezone_set(): Timezone ID '' is invalid in [C:\laragon\www\Acortador\src\Controller\Member\UsersController.php, line 791]


2025-06-08 00:44:14 Notice: Notice (8): date_default_timezone_set(): Timezone ID '' is invalid in [C:\laragon\www\Acortador\src\Controller\Member\UsersController.php, line 791]


2025-06-08 00:45:12 Notice: Notice (8): date_default_timezone_set(): Timezone ID '' is invalid in [C:\laragon\www\Acortador\src\Controller\Member\UsersController.php, line 791]


2025-06-08 00:46:15 Notice: Notice (8): date_default_timezone_set(): Timezone ID '' is invalid in [C:\laragon\www\Acortador\src\Controller\Member\UsersController.php, line 791]


2025-06-14 14:18:53 Notice: Notice (8): date_default_timezone_set(): Timezone ID '' is invalid in [C:\laragon\www\Acortador\src\Controller\Member\UsersController.php, line 791]


2025-06-14 19:14:06 Notice: Notice (1024): Undefined property: UsersController::$Links in C:\laragon\www\Acortador\src\Controller\Member\UsersController.php on line 817 in [C:\laragon\www\Acortador\vendor\cakephp\cakephp\src\Controller\Controller.php, line 384]


2025-06-14 19:57:45 Notice: Notice (1024): Undefined property: UsersController::$Links in C:\laragon\www\Acortador\src\Controller\Member\UsersController.php on line 817 in [C:\laragon\www\Acortador\vendor\cakephp\cakephp\src\Controller\Controller.php, line 384]


2025-06-28 20:20:53 Notice: Notice (8): date_default_timezone_set(): Timezone ID '' is invalid in [C:\laragon\www\Acortador\src\Controller\Member\UsersController.php, line 791]


2025-06-29 00:31:53 Notice: Notice (8): date_default_timezone_set(): Timezone ID '' is invalid in [C:\laragon\www\Acortador\src\Controller\Member\UsersController.php, line 791]


2025-06-29 00:33:53 Notice: Notice (8): date_default_timezone_set(): Timezone ID '' is invalid in [C:\laragon\www\Acortador\src\Controller\Member\UsersController.php, line 791]


2025-06-29 00:34:35 Notice: Notice (8): date_default_timezone_set(): Timezone ID '' is invalid in [C:\laragon\www\Acortador\src\Controller\Member\UsersController.php, line 791]


2025-07-05 23:43:28 Notice: Notice (1024): Undefined property: PlansController::$getRequest in C:\laragon\www\Acortador\src\Controller\Admin\PlansController.php on line 52 in [C:\laragon\www\Acortador\vendor\cakephp\cakephp\src\Controller\Controller.php, line 384]


2025-07-05 23:43:53 Notice: Notice (1024): Undefined property: PlansController::$getRequest in C:\laragon\www\Acortador\src\Controller\Admin\PlansController.php on line 76 in [C:\laragon\www\Acortador\vendor\cakephp\cakephp\src\Controller\Controller.php, line 384]


2025-07-05 23:44:32 Notice: Notice (1024): Undefined property: PlansController::$getRequest in C:\laragon\www\Acortador\src\Controller\Admin\PlansController.php on line 58 in [C:\laragon\www\Acortador\vendor\cakephp\cakephp\src\Controller\Controller.php, line 384]


2025-07-05 23:44:37 Notice: Notice (1024): Undefined property: PlansController::$getRequest in C:\laragon\www\Acortador\src\Controller\Admin\PlansController.php on line 58 in [C:\laragon\www\Acortador\vendor\cakephp\cakephp\src\Controller\Controller.php, line 384]


2025-07-05 22:15:26 Notice: Notice (8): date_default_timezone_set(): Timezone ID '' is invalid in [C:\laragon\www\Acortador\src\Controller\Member\UsersController.php, line 791]


2025-07-05 22:16:25 Notice: Notice (8): date_default_timezone_set(): Timezone ID '' is invalid in [C:\laragon\www\Acortador\src\Controller\Member\UsersController.php, line 791]


